#-----------------------------------------------------------
# Vivado v2024.1 (64-bit)
# SW Build 5076996 on Wed May 22 18:36:09 MDT 2024
# IP Build 5075265 on Wed May 22 21:45:21 MDT 2024
# SharedData Build 5076995 on Wed May 22 18:29:18 MDT 2024
# Start of session at: Wed Jul 10 13:36:07 2024
# Process ID: 32049
# Current directory: /home/nothon/fpga2C
# Command line: vivado
# Log file: /home/nothon/fpga2C/vivado.log
# Journal file: /home/nothon/fpga2C/vivado.jou
# Running On        :nothon-Swift-SF314-57
# Platform          :Ubuntu
# Operating System  :Ubuntu 24.04 LTS
# Processor Detail  :Intel(R) Core(TM) i7-1065G7 CPU @ 1.30GHz
# CPU Frequency     :2588.409 MHz
# CPU Physical cores:4
# CPU Logical cores :8
# Host memory       :7990 MB
# Swap memory       :21474 MB
# Total Virtual     :29465 MB
# Available Virtual :23108 MB
#-----------------------------------------------------------
start_gui
open_project /home/nothon/fpga2C/ip_repo/noip_ctrl/edit_noip_ctrl_v1_0.xpr
open_example_project -dir /home/nothon/fpga2C [get_ips  axi_vip_0]
export_ip_user_files -of_objects  [get_files /home/nothon/fpga2C/ip_repo/noip_ctrl/edit_noip_ctrl_v1_0.srcs/sources_1/ip/axi_vip_0/axi_vip_0.xci] -no_script -reset -force -quiet
remove_files  -fileset axi_vip_0 /home/nothon/fpga2C/ip_repo/noip_ctrl/edit_noip_ctrl_v1_0.srcs/sources_1/ip/axi_vip_0/axi_vip_0.xci
file delete -force /home/nothon/fpga2C/ip_repo/noip_ctrl/edit_noip_ctrl_v1_0.srcs/sources_1/ip/axi_vip_0
file delete -force /home/nothon/fpga2C/ip_repo/noip_ctrl/edit_noip_ctrl_v1_0.gen/sources_1/ip/axi_vip_0
