================================================================
== Design Size Report
================================================================

* Total Instructions per Compilation Phase
+---------------+-----------------------------+--------------+----------------------------------------------------------------------------------------+
| Phase         | Step                        | Instructions | Description                                                                            |
+---------------+-----------------------------+--------------+----------------------------------------------------------------------------------------+
| Compile/Link  |                             | 4,555        | After all functions are compiled and linked into a single design                       |
|               |                             |              |                                                                                        |
| Unroll/Inline |                             |              | After user unroll and inline pragmas are applied                                       |
|               | (1) unroll                  | 2,846        | user unroll pragmas are applied                                                        |
|               | (2) simplification          | 1,884        | simplification of applied user unroll pragmas                                          |
|               | (3) inline                  | 1,939        | user inline pragmas are applied                                                        |
|               | (4) simplification          | 1,939        | simplification of applied user inline pragmas                                          |
|               |                             |              |                                                                                        |
| Array/Struct  |                             |              | After user array partition and struct aggregate/disaggregate pragmas are applied       |
|               | (1) array partition         | 1,416        | user array partition pragmas are applied                                               |
|               | (2) simplification          | 1,358        | simplification of applied user array partition & struct aggregate/disaggregate pragmas |
|               | (3) aggregate/disaggregate  | 1,387        | user struct aggregate/disaggregate pragmas are applied                                 |
|               | (4) array reshape           | 1,739        | apply array reshape pragmas                                                            |
|               | (5) access patterns         | 1,897        | array access pattern optmizations                                                      |
|               |                             |              |                                                                                        |
| Performance   |                             |              | After transformations are applied to meet performance pragma targets                   |
|               | (1) loop simplification     | 1,843        | loop and instruction simplification                                                    |
|               | (2) parallelization         | 1,761        | loops are unrolled or pipelined to meet performance targets                            |
|               | (3) array partition         | 1,534        | arrays are partitioned to meet performance targets                                     |
|               | (4) simplification          | 1,534        | simplification of design after performance transformations                             |
|               |                             |              |                                                                                        |
| HW Transforms |                             |              | After hardware transfomations                                                          |
|               | (1) lowering                | 1,456        | initial conversion to HW specific instructions                                         |
|               | (2) optimizations           | 1,559        | high level synthesis optimizations                                                     |
+---------------+-----------------------------+--------------+----------------------------------------------------------------------------------------+

* Instructions per Function for each Compilation Phase
+---------------------------------------+----------------------+-----------------+----------------+----------------+----------------+----------------+
| Function                              | Location             | Compile/Link    | Unroll/Inline  | Array/Struct   | Performance    | HW Transforms  |
+---------------------------------------+----------------------+-----------------+----------------+----------------+----------------+----------------+
| + v_mix                               | v_mix.cpp:1812       | 4,555           | 1,939          | 1,897          | 1,534          | 1,559          |
|  + VMixHlsDataFlowFunction            | v_mix.cpp:498        | 4,301           | 1,750          | 1,662          | 1,378          | 1,293          |
|   + AXIvideo2MultiPixStream           | v_mix.cpp:3072       | 1,851 (3 calls) |  612 (3 calls) |  630 (3 calls) |  435 (3 calls) |  372 (3 calls) |
|      Scalar                           | hls_video_core.h:196 |   15 (3 calls)  |                |                |                |                |
|      reg<unsigned short>              | x_hls_utils.h:222    |    6 (6 calls)  |    6 (6 calls) |    6 (6 calls) |    6 (6 calls) |   24 (6 calls) |
|    + AXIGetBitFields<24, ap_uint<...  | hls_axi_io.h:83      |  666 (9 calls)  |                |                |                |                |
|       AXIGetBitFields<24, ap_uint<... | hls_axi_io.h:60      |  612 (9 calls)  |                |                |                |                |
|   + v_mix_420_to_422<false>           | v_csc.cpp:58         |  165 (3 calls)  |  132 (3 calls) |   75 (3 calls) |   69 (3 calls) |   96 (3 calls) |
|      Scalar                           | hls_video_core.h:196 |   15 (3 calls)  |                |                |                |                |
|   + v_mix_422_to_444<false>           | v_csc.cpp:87         |  165 (3 calls)  |  132 (3 calls) |  159 (3 calls) |  153 (3 calls) |  136 (3 calls) |
|      Scalar                           | hls_video_core.h:196 |   15 (3 calls)  |                |                |                |                |
|   + v_mix_yuv2rgb<false>              | v_csc.cpp:865        |  165 (3 calls)  |  132 (3 calls) |   75 (3 calls) |   69 (3 calls) |   96 (3 calls) |
|      Scalar                           | hls_video_core.h:196 |   15 (3 calls)  |                |                |                |                |
|   + v_mix_upsample<false>             | v_mix.cpp:93         |  110 (2 calls)  |   88 (2 calls) |  134 (2 calls) |  130 (2 calls) |  104 (2 calls) |
|      Scalar                           | hls_video_core.h:196 |   10 (2 calls)  |                |                |                |                |
|   + v_mix_core_alpha<false, fals...   | v_mix.cpp:435        |  618 (2 calls)  |  274 (2 calls) |  277 (2 calls) |  254 (2 calls) |  224 (2 calls) |
|      Scalar                           | hls_video_core.h:196 |   40 (8 calls)  |                |                |                |                |
|   + v_mix_rgb2yuv<false>              | v_csc.cpp:1013       |   57            |   44           |   67           |   63           |   50           |
|      Scalar                           | hls_video_core.h:196 |    5            |                |                |                |                |
|   + v_mix_444_to_422<false>           | v_csc.cpp:702        |   57            |   44           |   25           |   21           |   30           |
|      Scalar                           | hls_video_core.h:196 |    5            |                |                |                |                |
|   + v_mix_422_to_420<false>           | v_csc.cpp:493        |   57            |   44           |   25           |   21           |   30           |
|      Scalar                           | hls_video_core.h:196 |    5            |                |                |                |                |
|   + MultiPixStream2AXIvideo           | v_mix.cpp:3172       |  642            |   81           |  125           |  104           |   75           |
|      Scalar                           | hls_video_core.h:196 |    5            |                |                |                |                |
|      reg<unsigned short>              | x_hls_utils.h:222    |    2 (2 calls)  |    2 (2 calls) |    2 (2 calls) |    2 (2 calls) |    8 (2 calls) |
+---------------------------------------+----------------------+-----------------+----------------+----------------+----------------+----------------+

* Design Size Message Settings
+---------------------------------------------+--------+------------------------------------------------------------------+
| Message Setting                             | Value  | Description                                                      |
+---------------------------------------------+--------+------------------------------------------------------------------+
| config_compile -design_size_maximum_warning | 100000 | Show a warning when total design instructions exceeds this value |
+---------------------------------------------+--------+------------------------------------------------------------------+


