

================================================================
== Vitis HLS Report for 'MultiPixStream2AXIvideo'
================================================================
* Date:           Thu Jul 18 12:04:23 2024

* Version:        2024.1 (Build 5069499 on May 21 2024)
* Project:        prj
* Solution:       sol (Vivado IP Flow Target)
* Product family: zynq
* Target device:  xc7z020-clg400-2


================================================================
== Performance Estimates
================================================================
+ Timing: 
    * Summary: 
    +--------+----------+----------+------------+
    |  Clock |  Target  | Estimated| Uncertainty|
    +--------+----------+----------+------------+
    |ap_clk  |  10.00 ns|  4.646 ns|     2.70 ns|
    +--------+----------+----------+------------+

+ Latency: 
    * Summary: 
    +---------+---------+-----------+-----------+-----+---------+---------+
    |  Latency (cycles) |   Latency (absolute)  |    Interval   | Pipeline|
    |   min   |   max   |    min    |    max    | min |   max   |   Type  |
    +---------+---------+-----------+-----------+-----+---------+---------+
    |        2|  8305202|  20.000 ns|  83.052 ms|    2|  8305202|       no|
    +---------+---------+-----------+-----------+-----+---------+---------+

    + Detail: 
        * Instance: 
        +--------------------------------------------------------------+----------------------------------------------------+---------+---------+-----------+-----------+-----+------+-----------------------------------------------+
        |                                                              |                                                    |  Latency (cycles) |   Latency (absolute)  |  Interval  |                    Pipeline                   |
        |                           Instance                           |                       Module                       |   min   |   max   |    min    |    max    | min |  max |                      Type                     |
        +--------------------------------------------------------------+----------------------------------------------------+---------+---------+-----------+-----------+-----+------+-----------------------------------------------+
        |grp_MultiPixStream2AXIvideo_Pipeline_VITIS_LOOP_3233_3_fu_98  |MultiPixStream2AXIvideo_Pipeline_VITIS_LOOP_3233_3  |        3|     3843|  30.000 ns|  38.430 us|    1|  3841|  loop auto-rewind stp(delay=0 clock cycles(s))|
        |grp_reg_unsigned_short_1_fu_122                               |reg_unsigned_short_1                                |        1|        1|  10.000 ns|  10.000 ns|    1|     1|                                            yes|
        |grp_reg_unsigned_short_1_fu_128                               |reg_unsigned_short_1                                |        1|        1|  10.000 ns|  10.000 ns|    1|     1|                                            yes|
        +--------------------------------------------------------------+----------------------------------------------------+---------+---------+-----------+-----------+-----+------+-----------------------------------------------+

        * Loop: 
        +---------------------+---------+---------+----------+-----------+-----------+----------+----------+
        |                     |  Latency (cycles) | Iteration|  Initiation Interval  |   Trip   |          |
        |      Loop Name      |   min   |   max   |  Latency |  achieved |   target  |   Count  | Pipelined|
        +---------------------+---------+---------+----------+-----------+-----------+----------+----------+
        |- VITIS_LOOP_3231_2  |        0|  8305200|  5 ~ 3845|          -|          -|  0 ~ 2160|        no|
        +---------------------+---------+---------+----------+-----------+-----------+----------+----------+



================================================================
== Utilization Estimates
================================================================
* Summary: 
+-----------------+---------+-----+--------+-------+-----+
|       Name      | BRAM_18K| DSP |   FF   |  LUT  | URAM|
+-----------------+---------+-----+--------+-------+-----+
|DSP              |        -|    -|       -|      -|    -|
|Expression       |        -|    -|       0|     52|    -|
|FIFO             |        -|    -|       -|      -|    -|
|Instance         |        -|    -|      47|    111|    -|
|Memory           |        -|    -|       -|      -|    -|
|Multiplexer      |        -|    -|       0|     57|    -|
|Register         |        -|    -|      58|      -|    -|
+-----------------+---------+-----+--------+-------+-----+
|Total            |        0|    0|     105|    220|    0|
+-----------------+---------+-----+--------+-------+-----+
|Available        |      280|  220|  106400|  53200|    0|
+-----------------+---------+-----+--------+-------+-----+
|Utilization (%)  |        0|    0|      ~0|     ~0|    0|
+-----------------+---------+-----+--------+-------+-----+

+ Detail: 
    * Instance: 
    +--------------------------------------------------------------+----------------------------------------------------+---------+----+----+-----+-----+
    |                           Instance                           |                       Module                       | BRAM_18K| DSP| FF | LUT | URAM|
    +--------------------------------------------------------------+----------------------------------------------------+---------+----+----+-----+-----+
    |grp_MultiPixStream2AXIvideo_Pipeline_VITIS_LOOP_3233_3_fu_98  |MultiPixStream2AXIvideo_Pipeline_VITIS_LOOP_3233_3  |        0|   0|  19|  107|    0|
    |grp_reg_unsigned_short_1_fu_122                               |reg_unsigned_short_1                                |        0|   0|  14|    2|    0|
    |grp_reg_unsigned_short_1_fu_128                               |reg_unsigned_short_1                                |        0|   0|  14|    2|    0|
    +--------------------------------------------------------------+----------------------------------------------------+---------+----+----+-----+-----+
    |Total                                                         |                                                    |        0|   0|  47|  111|    0|
    +--------------------------------------------------------------+----------------------------------------------------+---------+----+----+-----+-----+

    * DSP: 
    N/A

    * Memory: 
    N/A

    * FIFO: 
    N/A

    * Expression: 
    +----------------------------------------------------------------------------------+----------+----+---+----+------------+------------+
    |                                   Variable Name                                  | Operation| DSP| FF| LUT| Bitwidth P0| Bitwidth P1|
    +----------------------------------------------------------------------------------+----------+----+---+----+------------+------------+
    |i_2_fu_163_p2                                                                     |         +|   0|  0|  12|          12|           1|
    |sub_fu_143_p2                                                                     |         +|   0|  0|  13|          13|           2|
    |and_ln3231_fu_169_p2                                                              |       and|   0|  0|   1|           1|           1|
    |grp_MultiPixStream2AXIvideo_Pipeline_VITIS_LOOP_3233_3_fu_98_m_axis_video_TREADY  |       and|   0|  0|   1|           1|           1|
    |icmp_ln3231_1_fu_158_p2                                                           |      icmp|   0|  0|  12|          12|          12|
    |icmp_ln3231_fu_149_p2                                                             |      icmp|   0|  0|  12|          12|           1|
    |ap_block_state1                                                                   |        or|   0|  0|   1|           1|           1|
    +----------------------------------------------------------------------------------+----------+----+---+----+------------+------------+
    |Total                                                                             |          |   0|  0|  52|          52|          19|
    +----------------------------------------------------------------------------------+----------+----+---+----+------------+------------+

    * Multiplexer: 
    +-------------+----+-----------+-----+-----------+
    |     Name    | LUT| Input Size| Bits| Total Bits|
    +-------------+----+-----------+-----+-----------+
    |ap_NS_fsm    |  21|          5|    1|          5|
    |ap_done      |   9|          2|    1|          2|
    |i_fu_70      |   9|          2|   12|         24|
    |out420_read  |   9|          2|    1|          2|
    |sof_reg_86   |   9|          2|    1|          2|
    +-------------+----+-----------+-----+-----------+
    |Total        |  57|         13|   16|         35|
    +-------------+----+-----------+-----+-----------+

    * Register: 
    +---------------------------------------------------------------------------+----+----+-----+-----------+
    |                                    Name                                   | FF | LUT| Bits| Const Bits|
    +---------------------------------------------------------------------------+----+----+-----+-----------+
    |and_ln3231_reg_209                                                         |   1|   0|    1|          0|
    |ap_CS_fsm                                                                  |   4|   0|    4|          0|
    |ap_done_reg                                                                |   1|   0|    1|          0|
    |cols_reg_191                                                               |  12|   0|   12|          0|
    |grp_MultiPixStream2AXIvideo_Pipeline_VITIS_LOOP_3233_3_fu_98_ap_start_reg  |   1|   0|    1|          0|
    |i_fu_70                                                                    |  12|   0|   12|          0|
    |icmp_ln3231_reg_201                                                        |   1|   0|    1|          0|
    |rows_reg_186                                                               |  12|   0|   12|          0|
    |sof_reg_86                                                                 |   1|   0|    1|          0|
    |sub_reg_196                                                                |  13|   0|   13|          0|
    +---------------------------------------------------------------------------+----+----+-----+-----------+
    |Total                                                                      |  58|   0|   58|          0|
    +---------------------------------------------------------------------------+----+----+-----+-----------+



================================================================
== Interface
================================================================
* Summary: 
+-----------------------+-----+-----+------------+-------------------------+--------------+
|       RTL Ports       | Dir | Bits|  Protocol  |      Source Object      |    C Type    |
+-----------------------+-----+-----+------------+-------------------------+--------------+
|ap_clk                 |   in|    1|  ap_ctrl_hs|  MultiPixStream2AXIvideo|  return value|
|ap_rst                 |   in|    1|  ap_ctrl_hs|  MultiPixStream2AXIvideo|  return value|
|ap_start               |   in|    1|  ap_ctrl_hs|  MultiPixStream2AXIvideo|  return value|
|ap_done                |  out|    1|  ap_ctrl_hs|  MultiPixStream2AXIvideo|  return value|
|ap_continue            |   in|    1|  ap_ctrl_hs|  MultiPixStream2AXIvideo|  return value|
|ap_idle                |  out|    1|  ap_ctrl_hs|  MultiPixStream2AXIvideo|  return value|
|ap_ready               |  out|    1|  ap_ctrl_hs|  MultiPixStream2AXIvideo|  return value|
|out420_dout            |   in|   24|     ap_fifo|                   out420|       pointer|
|out420_num_data_valid  |   in|    3|     ap_fifo|                   out420|       pointer|
|out420_fifo_cap        |   in|    3|     ap_fifo|                   out420|       pointer|
|out420_empty_n         |   in|    1|     ap_fifo|                   out420|       pointer|
|out420_read            |  out|    1|     ap_fifo|                   out420|       pointer|
|m_axis_video_TDATA     |  out|   24|        axis|    m_axis_video_V_data_V|       pointer|
|m_axis_video_TVALID    |  out|    1|        axis|    m_axis_video_V_dest_V|       pointer|
|m_axis_video_TREADY    |   in|    1|        axis|    m_axis_video_V_dest_V|       pointer|
|m_axis_video_TDEST     |  out|    1|        axis|    m_axis_video_V_dest_V|       pointer|
|m_axis_video_TKEEP     |  out|    3|        axis|    m_axis_video_V_keep_V|       pointer|
|m_axis_video_TSTRB     |  out|    3|        axis|    m_axis_video_V_strb_V|       pointer|
|m_axis_video_TUSER     |  out|    1|        axis|    m_axis_video_V_user_V|       pointer|
|m_axis_video_TLAST     |  out|    1|        axis|    m_axis_video_V_last_V|       pointer|
|m_axis_video_TID       |  out|    1|        axis|      m_axis_video_V_id_V|       pointer|
|Height                 |   in|   12|   ap_stable|                   Height|        scalar|
|WidthOut               |   in|   12|   ap_stable|                 WidthOut|        scalar|
+-----------------------+-----+-----+------------+-------------------------+--------------+

