Copyright 1986-2017 Xilinx, Inc. All Rights Reserved.
----------------------------------------------------------------------------------------------------------------------------------------------------------------------
| Tool Version     : Vivado v.2017.4 (win64) Build 2086221 Fri Dec 15 20:55:39 MST 2017
| Date             : Thu Feb 15 16:03:06 2018
| Host             : XBEDEFOSSEZ31 running 64-bit major release  (build 9200)
| Command          : report_power -file Apps_AdcToplevel_power_routed.rpt -pb Apps_AdcToplevel_power_summary_routed.pb -rpx Apps_AdcToplevel_power_routed.rpx
| Design           : Apps_AdcToplevel
| Device           : xc7k325tffg900-2
| Design State     : routed
| Grade            : commercial
| Process          : typical
| Characterization : Production
----------------------------------------------------------------------------------------------------------------------------------------------------------------------

Power Report

Table of Contents
-----------------
1. Summary
1.1 On-Chip Components
1.2 Power Supply Summary
1.3 Confidence Level
2. Settings
2.1 Environment
2.2 Clock Constraints
3. Detailed Reports
3.1 By Hierarchy

1. Summary
----------

+--------------------------+--------------+
| Total On-Chip Power (W)  | 0.431        |
| Design Power Budget (W)  | Unspecified* |
| Power Budget Margin (W)  | NA           |
| Dynamic (W)              | 0.270        |
| Device Static (W)        | 0.162        |
| Effective TJA (C/W)      | 1.8          |
| Max Ambient (C)          | 84.2         |
| Junction Temperature (C) | 25.8         |
| Confidence Level         | Low          |
| Setting File             | ---          |
| Simulation Activity File | ---          |
| Design Nets Matched      | NA           |
+--------------------------+--------------+
* Specify Design Power Budget using, set_operating_conditions -design_power_budget <value in Watts>


1.1 On-Chip Components
----------------------

+--------------------------+-----------+----------+-----------+-----------------+
| On-Chip                  | Power (W) | Used     | Available | Utilization (%) |
+--------------------------+-----------+----------+-----------+-----------------+
| Clocks                   |     0.020 |        9 |       --- |             --- |
| Slice Logic              |     0.001 |      772 |       --- |             --- |
|   LUT as Logic           |    <0.001 |      183 |    203800 |            0.09 |
|   LUT as Distributed RAM |    <0.001 |       32 |     64000 |            0.05 |
|   Register               |    <0.001 |      434 |    407600 |            0.11 |
|   LUT as Shift Register  |    <0.001 |        7 |     64000 |            0.01 |
|   Others                 |     0.000 |       32 |       --- |             --- |
| Signals                  |     0.006 |      626 |       --- |             --- |
| Block RAM                |     0.007 |        2 |       445 |            0.45 |
| MMCM                     |     0.129 |        1 |        10 |           10.00 |
| I/O                      |     0.107 |       55 |       500 |           11.00 |
| Static Power             |     0.162 |          |           |                 |
| Total                    |     0.431 |          |           |                 |
+--------------------------+-----------+----------+-----------+-----------------+


1.2 Power Supply Summary
------------------------

+-----------+-------------+-----------+-------------+------------+
| Source    | Voltage (V) | Total (A) | Dynamic (A) | Static (A) |
+-----------+-------------+-----------+-------------+------------+
| Vccint    |       1.000 |     0.114 |       0.045 |      0.069 |
| Vccaux    |       1.800 |     0.114 |       0.085 |      0.028 |
| Vcco33    |       3.300 |     0.000 |       0.000 |      0.000 |
| Vcco25    |       2.500 |     0.029 |       0.028 |      0.001 |
| Vcco18    |       1.800 |     0.000 |       0.000 |      0.000 |
| Vcco15    |       1.500 |     0.001 |       0.000 |      0.001 |
| Vcco135   |       1.350 |     0.000 |       0.000 |      0.000 |
| Vcco12    |       1.200 |     0.000 |       0.000 |      0.000 |
| Vccaux_io |       1.800 |     0.000 |       0.000 |      0.000 |
| Vccbram   |       1.000 |     0.002 |       0.001 |      0.001 |
| MGTAVcc   |       1.000 |     0.000 |       0.000 |      0.000 |
| MGTAVtt   |       1.200 |     0.000 |       0.000 |      0.000 |
| MGTVccaux |       1.800 |     0.000 |       0.000 |      0.000 |
| Vccadc    |       1.800 |     0.020 |       0.000 |      0.020 |
+-----------+-------------+-----------+-------------+------------+


1.3 Confidence Level
--------------------

+-----------------------------+------------+--------------------------------------------------------+------------------------------------------------------------------------------------------------------------+
| User Input Data             | Confidence | Details                                                | Action                                                                                                     |
+-----------------------------+------------+--------------------------------------------------------+------------------------------------------------------------------------------------------------------------+
| Design implementation state | High       | Design is routed                                       |                                                                                                            |
| Clock nodes activity        | High       | User specified more than 95% of clocks                 |                                                                                                            |
| I/O nodes activity          | Low        | More than 75% of inputs are missing user specification | Provide missing input activity with simulation results or by editing the "By Resource Type -> I/Os" view   |
| Internal nodes activity     | Medium     | User specified less than 25% of internal nodes         | Provide missing internal nodes activity with simulation results or by editing the "By Resource Type" views |
| Device models               | High       | Device models are Production                           |                                                                                                            |
|                             |            |                                                        |                                                                                                            |
| Overall confidence level    | Low        |                                                        |                                                                                                            |
+-----------------------------+------------+--------------------------------------------------------+------------------------------------------------------------------------------------------------------------+


2. Settings
-----------

2.1 Environment
---------------

+-----------------------+--------------------------+
| Ambient Temp (C)      | 25.0                     |
| ThetaJA (C/W)         | 1.8                      |
| Airflow (LFM)         | 250                      |
| Heat Sink             | medium (Medium Profile)  |
| ThetaSA (C/W)         | 3.3                      |
| Board Selection       | medium (10"x10")         |
| # of Board Layers     | 12to15 (12 to 15 Layers) |
| Board Temperature (C) | 25.0                     |
+-----------------------+--------------------------+


2.2 Clock Constraints
---------------------

+-----------------+------------------------------------------------------------------------+-----------------+
| Clock           | Domain                                                                 | Constraint (ns) |
+-----------------+------------------------------------------------------------------------+-----------------+
| AdcBitClk       | Adc_DCLK_0_p_pin                                                       |             1.3 |
| AdcBitClkDiv    | Apps_AdcToplevel_I_AdcToplevel/AdcToplevel_I_AdcClock/BitClk_RefClkOut |             5.0 |
| IntMmcm_SysClk1 | Apps_AdcToplevel_I_AppsClock/Mmcm_SysClk1                              |             5.0 |
| IntMmcm_SysClk3 | Apps_AdcToplevel_I_AppsClock/Mmcm_SysClk3                              |             5.0 |
| IntSysClkFb     | Apps_AdcToplevel_I_AppsClock/Mmcm_ClkFbOut                             |            10.0 |
| IntSysRefClk    | Apps_AdcToplevel_I_AppsClock/Mmcm_SysClk0                              |             5.0 |
| SysClk          | Sys_Clk_p_pin                                                          |            10.0 |
+-----------------+------------------------------------------------------------------------+-----------------+


3. Detailed Reports
-------------------

3.1 By Hierarchy
----------------

+--------------------------------------+-----------+
| Name                                 | Power (W) |
+--------------------------------------+-----------+
| Apps_AdcToplevel                     |     0.270 |
|   Apps_AdcToplevel_I_AdcBulkMem_0    |     0.005 |
|     AdcBulkMem_I_CntElevenBit        |    <0.001 |
|       CntElevenBit_I_CntFourBit_Lsb  |    <0.001 |
|       CntElevenBit_I_CntFourBit_Mid  |    <0.001 |
|       CntElevenBit_I_CntThreeBit_Msb |    <0.001 |
|     AdcBulkMem_I_CntTwelveBit        |    <0.001 |
|       CntTwelveBit_I_CntFourBit_Lsb  |    <0.001 |
|       CntTwelveBit_I_CntFourBit_Mid  |    <0.001 |
|       CntTwelveBit_I_CntTwoBit_Msb   |    <0.001 |
|   Apps_AdcToplevel_I_AdcBulkMem_1    |     0.005 |
|     AdcBulkMem_I_CntElevenBit        |    <0.001 |
|       CntElevenBit_I_CntFourBit_Lsb  |    <0.001 |
|       CntElevenBit_I_CntFourBit_Mid  |    <0.001 |
|       CntElevenBit_I_CntThreeBit_Msb |    <0.001 |
|     AdcBulkMem_I_CntTwelveBit        |    <0.001 |
|       CntTwelveBit_I_CntFourBit_Lsb  |    <0.001 |
|       CntTwelveBit_I_CntFourBit_Mid  |    <0.001 |
|       CntTwelveBit_I_CntTwoBit_Msb   |    <0.001 |
|   Apps_AdcToplevel_I_AdcIo           |     0.038 |
|     AdcIo_I_Ibufds_Fclk_0            |     0.006 |
|     Gen_1[0].AdcIo_I_Ibufds_DI       |     0.006 |
|     Gen_1[1].AdcIo_I_Ibufds_DI       |     0.006 |
|     Gen_1[2].AdcIo_I_Ibufds_DI       |     0.006 |
|     Gen_1[3].AdcIo_I_Ibufds_DI       |     0.006 |
|   Apps_AdcToplevel_I_AdcToplevel     |     0.020 |
|     AdcToplevel_I_AdcClock           |     0.011 |
|     AdcToplevel_I_AdcFrame           |     0.002 |
|       AdcFrame_I_GenPulse_1          |    <0.001 |
|         GenPulse_I_Fdcr_1            |    <0.001 |
|         GenPulse_I_Fdcr_2            |    <0.001 |
|     Gen_2[0].AdcToplevel_I_AdcData   |     0.002 |
|     Gen_2[0].AdcToplevel_I_AdcMem    |     0.002 |
|       AdcMem_I_RdAddrCnt             |    <0.001 |
|       AdcMem_I_WrAddrCnt             |    <0.001 |
|       DataMem_I_Fdrse_E              |    <0.001 |
|       DataMem_I_Fdrse_F              |    <0.001 |
|       Gen_1[0].AdcMem_I_Ram64x1d     |    <0.001 |
|       Gen_1[10].AdcMem_I_Ram64x1d    |    <0.001 |
|       Gen_1[11].AdcMem_I_Ram64x1d    |    <0.001 |
|       Gen_1[12].AdcMem_I_Ram64x1d    |    <0.001 |
|       Gen_1[13].AdcMem_I_Ram64x1d    |    <0.001 |
|       Gen_1[14].AdcMem_I_Ram64x1d    |    <0.001 |
|       Gen_1[15].AdcMem_I_Ram64x1d    |    <0.001 |
|       Gen_1[1].AdcMem_I_Ram64x1d     |    <0.001 |
|       Gen_1[2].AdcMem_I_Ram64x1d     |    <0.001 |
|       Gen_1[3].AdcMem_I_Ram64x1d     |    <0.001 |
|       Gen_1[4].AdcMem_I_Ram64x1d     |    <0.001 |
|       Gen_1[5].AdcMem_I_Ram64x1d     |    <0.001 |
|       Gen_1[6].AdcMem_I_Ram64x1d     |    <0.001 |
|       Gen_1[7].AdcMem_I_Ram64x1d     |    <0.001 |
|       Gen_1[8].AdcMem_I_Ram64x1d     |    <0.001 |
|       Gen_1[9].AdcMem_I_Ram64x1d     |    <0.001 |
|     Gen_2[1].AdcToplevel_I_AdcData   |     0.002 |
|     Gen_2[1].AdcToplevel_I_AdcMem    |     0.002 |
|       AdcMem_I_RdAddrCnt             |    <0.001 |
|       AdcMem_I_WrAddrCnt             |    <0.001 |
|       DataMem_I_Fdrse_E              |    <0.001 |
|       DataMem_I_Fdrse_F              |    <0.001 |
|       Gen_1[0].AdcMem_I_Ram64x1d     |    <0.001 |
|       Gen_1[10].AdcMem_I_Ram64x1d    |    <0.001 |
|       Gen_1[11].AdcMem_I_Ram64x1d    |    <0.001 |
|       Gen_1[12].AdcMem_I_Ram64x1d    |    <0.001 |
|       Gen_1[13].AdcMem_I_Ram64x1d    |    <0.001 |
|       Gen_1[14].AdcMem_I_Ram64x1d    |    <0.001 |
|       Gen_1[15].AdcMem_I_Ram64x1d    |    <0.001 |
|       Gen_1[1].AdcMem_I_Ram64x1d     |    <0.001 |
|       Gen_1[2].AdcMem_I_Ram64x1d     |    <0.001 |
|       Gen_1[3].AdcMem_I_Ram64x1d     |    <0.001 |
|       Gen_1[4].AdcMem_I_Ram64x1d     |    <0.001 |
|       Gen_1[5].AdcMem_I_Ram64x1d     |    <0.001 |
|       Gen_1[6].AdcMem_I_Ram64x1d     |    <0.001 |
|       Gen_1[7].AdcMem_I_Ram64x1d     |    <0.001 |
|       Gen_1[8].AdcMem_I_Ram64x1d     |    <0.001 |
|       Gen_1[9].AdcMem_I_Ram64x1d     |    <0.001 |
|   Apps_AdcToplevel_I_AppsClock       |     0.133 |
|     MmcmClock_I_AppsRstEna           |    <0.001 |
|       AppsRstEna_I_LocalRstEna       |    <0.001 |
|         LocalRstEna_I_Fdre_Ena       |    <0.001 |
|     MmcmClock_I_LifeIndicator        |     0.003 |
+--------------------------------------+-----------+


